
> @sovereign/web@0.0.1 test /Users/cjo/OPENAPI/apps/web
> vitest run --passWithNoTests


 RUN  v4.1.10 /Users/cjo/OPENAPI/apps/web

 ❯ src/AccountControlCenter.test.ts (8 tests | 1 failed) 11ms
     × mounts and styles the control center only with the authenticated experience 7ms
 ❯ src/App.test.tsx (8 tests | 1 failed) 17ms
     × contains every product surface inside one canonical workspace 7ms
 ❯ src/platform-ui.test.ts (7 tests | 1 failed) 31ms
     × routes account creation through plan confirmation into one workspace 27ms
 ❯ src/public-site.test.ts (10 tests | 1 failed) 32ms
     × renders the public route without runtime copy rewriting and appends terminal sans typography 7ms
 ❯ src/UnifiedExperience.test.ts (8 tests | 1 failed) 33ms
     × treats Today, Explore, People, Systems, Library, and You as one intelligence 27ms

⎯⎯⎯⎯⎯⎯⎯ Failed Tests 5 ⎯⎯⎯⎯⎯⎯⎯

 FAIL  src/AccountControlCenter.test.ts > mounted Account and Library controls > mounts and styles the control center only with the authenticated experience
AssertionError: expected 'import React from \'react\';\nimport …' to contain 'import { AuthenticatedWorkspace } fro…'

- Expected
+ Received

- import { AuthenticatedWorkspace } from './AuthenticatedWorkspace'
+ import React from 'react';
+ import ReactDOM from 'react-dom/client';
+ import { App } from './App';
+ import { AppErrorBoundary } from './AppErrorBoundary';
+ import { ChatLayout } from './authenticated-chat/ChatLayout';
+ import { EmailCodeFallback, installEmailCodeFallbackRuntime } from './EmailCodeFallback';
+ import { PasskeyAuthentication } from './PasskeyAuthentication';
+ import { ProductCompletionLayer, installProductRuntime } from './ProductCompletionLayer';
+ import { installBaselineInputRuntime } from './BaselineInputRuntime';
+ import { installDialogAccessibility } from './dialog-accessibility';
+ import { installPrivateAnswerExportRuntime } from './PrivateAnswerExportRuntime';
+ import { installProductionReadinessRuntime } from './production-readiness-runtime';
+ import { installProductionRuntime } from './ProductionRuntime';
+ import { PublicSaaS } from './PublicSaaS';
+ import { installPublicLandingViewportContract } from './PublicLandingViewportContract';
+ import { installPublicRouteAuthorityRuntime } from './PublicRouteAuthorityRuntime';
+ import { PublicPolicy } from './PublicPolicy';
+ import { PublicPolicyMetadata } from './PublicPolicyMetadata';
+ import { installReleaseInteractionRuntime } from './release-interaction-runtime';
+ import { installSafetyResponseRuntime } from './SafetyResponseRuntime';
+ import { installV0ReleaseFingerprint } from './v0-release-fingerprint';
+ import { PowderDemo } from './PowderDemo';
+
+ /* Canonical visual system */
+ import './design-system.css';
+ import './public.css';
+ import './workspace.css';
+ import './app-shell.css';
+ import './powder.css';
+ /* Passkey authentication remains the final component stylesheet. */
+ import './passkey-auth.css';
+
+ installProductionReadinessRuntime();
+ installReleaseInteractionRuntime();
+ installV0ReleaseFingerprint();
+ installProductionRuntime();
+ installProductRuntime();
+ installEmailCodeFallbackRuntime();
+ installBaselineInputRuntime();
+ installPublicRouteAuthorityRuntime();
+ installDialogAccessibility();
+ installPrivateAnswerExportRuntime();
+ installSafetyResponseRuntime();
+
+ function retireLegacyPublicCache(): void {
+   if (!import.meta.env.PROD || !('serviceWorker' in navigator)) return;
+
+   window.addEventListener('load', () => {
+     void (async () => {
+       const controlled = Boolean(navigator.serviceWorker.controller);
+       const registrations = await navigator.serviceWorker.getRegistrations();
+       await Promise.all(registrations.map((registration) => registration.unregister()));
+
+       if ('caches' in window) {
+         const keys = await window.caches.keys();
+         await Promise.all(
+           keys
+             .filter((key) => key.startsWith('sovereign-public'))
+             .map((key) => window.caches.delete(key))
+         );
+       }
+
+       if (controlled && window.sessionStorage.getItem('sovereign-public-cache-retired') !== 'true') {
+         window.sessionStorage.setItem('sovereign-public-cache-retired', 'true');
+         window.location.reload();
+       }
+     })().catch(() => undefined);
+   });
+ }
+
+ function refreshStaleIosPageRestore(): void {
+   if (!import.meta.env.PROD) return;
+
+   window.addEventListener('pageshow', (event) => {
+     if (event.persisted) window.location.reload();
+   });
+ }
+
+ function installMobileViewportStability(): void {
+   let frame = 0;
+
+   const syncViewport = () => {
+     window.cancelAnimationFrame(frame);
+     frame = window.requestAnimationFrame(() => {
+       const viewport = window.visualViewport;
+       const width = Math.round(viewport?.width || window.innerWidth);
+       const height = Math.round(viewport?.height || window.innerHeight);
+       document.documentElement.style.setProperty('--sovereign-viewport-height', `${height}px`);
+       document.documentElement.style.setProperty('--sovereign-viewport-width', `${width}px`);
+       document.documentElement.dataset.sovereignOrientation = width > height ? 'landscape' : 'portrait';
+     });
+   };
+
+   syncViewport();
+   window.addEventListener('resize', syncViewport, { passive: true });
+   window.addEventListener('orientationchange', syncViewport, { passive: true });
+   window.addEventListener('pageshow', syncViewport, { passive: true });
+   window.visualViewport?.addEventListener('resize', syncViewport, { passive: true });
+   window.visualViewport?.addEventListener('scroll', syncViewport, { passive: true });
+ }
+
+ retireLegacyPublicCache();
+ refreshStaleIosPageRestore();
+ installMobileViewportStability();
+
+ document.documentElement.dataset.sovereignLayoutRelease = 'approved-public-v8';
+ document.documentElement.dataset.sovereignProductStories = 'isolated-mobile-first-v2';
+ document.documentElement.dataset.sovereignMotionRelease = 'v0-motion-workflows-v8';
+ document.documentElement.dataset.sovereignPlatformCohesion = 'v1';
+ document.documentElement.dataset.sovereignProductionReadiness = 'desktop-ios-v1';
+ document.documentElement.dataset.sovereignHeroComposition = 'v3-bounded';
+ document.documentElement.dataset.sovereignVisualAuthority = 'production-v1';
+
+ const isPublicHome = location.pathname === '/';
+ const publicPolicyKind = location.pathname === '/privacy'
+   ? 'privacy'
+   : location.pathname === '/terms'
+     ? 'terms'
+     : null;
+ const isStaticPublicPage = ['/how-it-works', '/pricing', '/faq'].includes(location.pathname);
+ const isPowderDemo = location.pathname === '/demo' || location.pathname === '/powder';
+ const isDirectPublicSurface = isPublicHome || publicPolicyKind !== null || isStaticPublicPage || isPowderDemo;
+ const isAuthenticatedWorkspace = location.pathname === '/app' || location.pathname.startsWith('/app/');
+
+ ReactDOM.createRoot(document.getElementById('root')!).render(
+   <React.StrictMode>
+     <AppErrorBoundary>
+       {!isDirectPublicSurface && <ProductCompletionLayer />}
+       {isPowderDemo
+         ? <PowderDemo />
+         : isPublicHome || isStaticPublicPage
+         ? <PublicSaaS />
+         : publicPolicyKind
+           ? <><PublicPolicyMetadata kind={publicPolicyKind} /><PublicPolicy kind={publicPolicyKind} /></>
+           : isAuthenticatedWorkspace
+             ? <ChatLayout />
+             : <><App /><EmailCodeFallback /><PasskeyAuthentication /></>}
+     </AppErrorBoundary>
+   </React.StrictMode>
+ );
+
+ installPublicLandingViewportContract();

 ❯ src/AccountControlCenter.test.ts:76:18
     74|
     75|   it('mounts and styles the control center only with the authenticated…
     76|     expect(main).toContain("import { AuthenticatedWorkspace } from './…
       |                  ^
     77|     expect(main).toContain('<AuthenticatedWorkspace />');
     78|     expect(authenticatedWorkspace).toContain("import { AccountControlC…

⎯⎯⎯⎯⎯⎯⎯⎯⎯⎯⎯⎯⎯⎯⎯⎯⎯⎯⎯⎯⎯⎯⎯⎯[1/5]⎯

 FAIL  src/App.test.tsx > Sovereign account and workspace shell > contains every product surface inside one canonical workspace
AssertionError: expected 'import React from \'react\';\nimport …' to contain '<AuthenticatedWorkspace />'

- Expected
+ Received

- <AuthenticatedWorkspace />
+ import React from 'react';
+ import ReactDOM from 'react-dom/client';
+ import { App } from './App';
+ import { AppErrorBoundary } from './AppErrorBoundary';
+ import { ChatLayout } from './authenticated-chat/ChatLayout';
+ import { EmailCodeFallback, installEmailCodeFallbackRuntime } from './EmailCodeFallback';
+ import { PasskeyAuthentication } from './PasskeyAuthentication';
+ import { ProductCompletionLayer, installProductRuntime } from './ProductCompletionLayer';
+ import { installBaselineInputRuntime } from './BaselineInputRuntime';
+ import { installDialogAccessibility } from './dialog-accessibility';
+ import { installPrivateAnswerExportRuntime } from './PrivateAnswerExportRuntime';
+ import { installProductionReadinessRuntime } from './production-readiness-runtime';
+ import { installProductionRuntime } from './ProductionRuntime';
+ import { PublicSaaS } from './PublicSaaS';
+ import { installPublicLandingViewportContract } from './PublicLandingViewportContract';
+ import { installPublicRouteAuthorityRuntime } from './PublicRouteAuthorityRuntime';
+ import { PublicPolicy } from './PublicPolicy';
+ import { PublicPolicyMetadata } from './PublicPolicyMetadata';
+ import { installReleaseInteractionRuntime } from './release-interaction-runtime';
+ import { installSafetyResponseRuntime } from './SafetyResponseRuntime';
+ import { installV0ReleaseFingerprint } from './v0-release-fingerprint';
+ import { PowderDemo } from './PowderDemo';
+
+ /* Canonical visual system */
+ import './design-system.css';
+ import './public.css';
+ import './workspace.css';
+ import './app-shell.css';
+ import './powder.css';
+ /* Passkey authentication remains the final component stylesheet. */
+ import './passkey-auth.css';
+
+ installProductionReadinessRuntime();
+ installReleaseInteractionRuntime();
+ installV0ReleaseFingerprint();
+ installProductionRuntime();
+ installProductRuntime();
+ installEmailCodeFallbackRuntime();
+ installBaselineInputRuntime();
+ installPublicRouteAuthorityRuntime();
+ installDialogAccessibility();
+ installPrivateAnswerExportRuntime();
+ installSafetyResponseRuntime();
+
+ function retireLegacyPublicCache(): void {
+   if (!import.meta.env.PROD || !('serviceWorker' in navigator)) return;
+
+   window.addEventListener('load', () => {
+     void (async () => {
+       const controlled = Boolean(navigator.serviceWorker.controller);
+       const registrations = await navigator.serviceWorker.getRegistrations();
+       await Promise.all(registrations.map((registration) => registration.unregister()));
+
+       if ('caches' in window) {
+         const keys = await window.caches.keys();
+         await Promise.all(
+           keys
+             .filter((key) => key.startsWith('sovereign-public'))
+             .map((key) => window.caches.delete(key))
+         );
+       }
+
+       if (controlled && window.sessionStorage.getItem('sovereign-public-cache-retired') !== 'true') {
+         window.sessionStorage.setItem('sovereign-public-cache-retired', 'true');
+         window.location.reload();
+       }
+     })().catch(() => undefined);
+   });
+ }
+
+ function refreshStaleIosPageRestore(): void {
+   if (!import.meta.env.PROD) return;
+
+   window.addEventListener('pageshow', (event) => {
+     if (event.persisted) window.location.reload();
+   });
+ }
+
+ function installMobileViewportStability(): void {
+   let frame = 0;
+
+   const syncViewport = () => {
+     window.cancelAnimationFrame(frame);
+     frame = window.requestAnimationFrame(() => {
+       const viewport = window.visualViewport;
+       const width = Math.round(viewport?.width || window.innerWidth);
+       const height = Math.round(viewport?.height || window.innerHeight);
+       document.documentElement.style.setProperty('--sovereign-viewport-height', `${height}px`);
+       document.documentElement.style.setProperty('--sovereign-viewport-width', `${width}px`);
+       document.documentElement.dataset.sovereignOrientation = width > height ? 'landscape' : 'portrait';
+     });
+   };
+
+   syncViewport();
+   window.addEventListener('resize', syncViewport, { passive: true });
+   window.addEventListener('orientationchange', syncViewport, { passive: true });
+   window.addEventListener('pageshow', syncViewport, { passive: true });
+   window.visualViewport?.addEventListener('resize', syncViewport, { passive: true });
+   window.visualViewport?.addEventListener('scroll', syncViewport, { passive: true });
+ }
+
+ retireLegacyPublicCache();
+ refreshStaleIosPageRestore();
+ installMobileViewportStability();
+
+ document.documentElement.dataset.sovereignLayoutRelease = 'approved-public-v8';
+ document.documentElement.dataset.sovereignProductStories = 'isolated-mobile-first-v2';
+ document.documentElement.dataset.sovereignMotionRelease = 'v0-motion-workflows-v8';
+ document.documentElement.dataset.sovereignPlatformCohesion = 'v1';
+ document.documentElement.dataset.sovereignProductionReadiness = 'desktop-ios-v1';
+ document.documentElement.dataset.sovereignHeroComposition = 'v3-bounded';
+ document.documentElement.dataset.sovereignVisualAuthority = 'production-v1';
+
+ const isPublicHome = location.pathname === '/';
+ const publicPolicyKind = location.pathname === '/privacy'
+   ? 'privacy'
+   : location.pathname === '/terms'
+     ? 'terms'
+     : null;
+ const isStaticPublicPage = ['/how-it-works', '/pricing', '/faq'].includes(location.pathname);
+ const isPowderDemo = location.pathname === '/demo' || location.pathname === '/powder';
+ const isDirectPublicSurface = isPublicHome || publicPolicyKind !== null || isStaticPublicPage || isPowderDemo;
+ const isAuthenticatedWorkspace = location.pathname === '/app' || location.pathname.startsWith('/app/');
+
+ ReactDOM.createRoot(document.getElementById('root')!).render(
+   <React.StrictMode>
+     <AppErrorBoundary>
+       {!isDirectPublicSurface && <ProductCompletionLayer />}
+       {isPowderDemo
+         ? <PowderDemo />
+         : isPublicHome || isStaticPublicPage
+         ? <PublicSaaS />
+         : publicPolicyKind
+           ? <><PublicPolicyMetadata kind={publicPolicyKind} /><PublicPolicy kind={publicPolicyKind} /></>
+           : isAuthenticatedWorkspace
+             ? <ChatLayout />
+             : <><App /><EmailCodeFallback /><PasskeyAuthentication /></>}
+     </AppErrorBoundary>
+   </React.StrictMode>
+ );
+
+ installPublicLandingViewportContract();

 ❯ src/App.test.tsx:23:18
     21|     expect(workspace).toContain('Ask something new');
     22|     expect(workspace).toContain('Recent explorations');
     23|     expect(main).toContain('<AuthenticatedWorkspace />');
       |                  ^
     24|     expect(authenticatedWorkspace).toContain('<SovereignIntelligenceWo…
     25|   });

⎯⎯⎯⎯⎯⎯⎯⎯⎯⎯⎯⎯⎯⎯⎯⎯⎯⎯⎯⎯⎯⎯⎯⎯[2/5]⎯

 FAIL  src/UnifiedExperience.test.ts > unified Sovereign intelligence experience > treats Today, Explore, People, Systems, Library, and You as one intelligence
AssertionError: expected 'import React from \'react\';\nimport …' to contain '<AuthenticatedWorkspace />'

- Expected
+ Received

- <AuthenticatedWorkspace />
+ import React from 'react';
+ import ReactDOM from 'react-dom/client';
+ import { App } from './App';
+ import { AppErrorBoundary } from './AppErrorBoundary';
+ import { ChatLayout } from './authenticated-chat/ChatLayout';
+ import { EmailCodeFallback, installEmailCodeFallbackRuntime } from './EmailCodeFallback';
+ import { PasskeyAuthentication } from './PasskeyAuthentication';
+ import { ProductCompletionLayer, installProductRuntime } from './ProductCompletionLayer';
+ import { installBaselineInputRuntime } from './BaselineInputRuntime';
+ import { installDialogAccessibility } from './dialog-accessibility';
+ import { installPrivateAnswerExportRuntime } from './PrivateAnswerExportRuntime';
+ import { installProductionReadinessRuntime } from './production-readiness-runtime';
+ import { installProductionRuntime } from './ProductionRuntime';
+ import { PublicSaaS } from './PublicSaaS';
+ import { installPublicLandingViewportContract } from './PublicLandingViewportContract';
+ import { installPublicRouteAuthorityRuntime } from './PublicRouteAuthorityRuntime';
+ import { PublicPolicy } from './PublicPolicy';
+ import { PublicPolicyMetadata } from './PublicPolicyMetadata';
+ import { installReleaseInteractionRuntime } from './release-interaction-runtime';
+ import { installSafetyResponseRuntime } from './SafetyResponseRuntime';
+ import { installV0ReleaseFingerprint } from './v0-release-fingerprint';
+ import { PowderDemo } from './PowderDemo';
+
+ /* Canonical visual system */
+ import './design-system.css';
+ import './public.css';
+ import './workspace.css';
+ import './app-shell.css';
+ import './powder.css';
+ /* Passkey authentication remains the final component stylesheet. */
+ import './passkey-auth.css';
+
+ installProductionReadinessRuntime();
+ installReleaseInteractionRuntime();
+ installV0ReleaseFingerprint();
+ installProductionRuntime();
+ installProductRuntime();
+ installEmailCodeFallbackRuntime();
+ installBaselineInputRuntime();
+ installPublicRouteAuthorityRuntime();
+ installDialogAccessibility();
+ installPrivateAnswerExportRuntime();
+ installSafetyResponseRuntime();
+
+ function retireLegacyPublicCache(): void {
+   if (!import.meta.env.PROD || !('serviceWorker' in navigator)) return;
+
+   window.addEventListener('load', () => {
+     void (async () => {
+       const controlled = Boolean(navigator.serviceWorker.controller);
+       const registrations = await navigator.serviceWorker.getRegistrations();
+       await Promise.all(registrations.map((registration) => registration.unregister()));
+
+       if ('caches' in window) {
+         const keys = await window.caches.keys();
+         await Promise.all(
+           keys
+             .filter((key) => key.startsWith('sovereign-public'))
+             .map((key) => window.caches.delete(key))
+         );
+       }
+
+       if (controlled && window.sessionStorage.getItem('sovereign-public-cache-retired') !== 'true') {
+         window.sessionStorage.setItem('sovereign-public-cache-retired', 'true');
+         window.location.reload();
+       }
+     })().catch(() => undefined);
+   });
+ }
+
+ function refreshStaleIosPageRestore(): void {
+   if (!import.meta.env.PROD) return;
+
+   window.addEventListener('pageshow', (event) => {
+     if (event.persisted) window.location.reload();
+   });
+ }
+
+ function installMobileViewportStability(): void {
+   let frame = 0;
+
+   const syncViewport = () => {
+     window.cancelAnimationFrame(frame);
+     frame = window.requestAnimationFrame(() => {
+       const viewport = window.visualViewport;
+       const width = Math.round(viewport?.width || window.innerWidth);
+       const height = Math.round(viewport?.height || window.innerHeight);
+       document.documentElement.style.setProperty('--sovereign-viewport-height', `${height}px`);
+       document.documentElement.style.setProperty('--sovereign-viewport-width', `${width}px`);
+       document.documentElement.dataset.sovereignOrientation = width > height ? 'landscape' : 'portrait';
+     });
+   };
+
+   syncViewport();
+   window.addEventListener('resize', syncViewport, { passive: true });
+   window.addEventListener('orientationchange', syncViewport, { passive: true });
+   window.addEventListener('pageshow', syncViewport, { passive: true });
+   window.visualViewport?.addEventListener('resize', syncViewport, { passive: true });
+   window.visualViewport?.addEventListener('scroll', syncViewport, { passive: true });
+ }
+
+ retireLegacyPublicCache();
+ refreshStaleIosPageRestore();
+ installMobileViewportStability();
+
+ document.documentElement.dataset.sovereignLayoutRelease = 'approved-public-v8';
+ document.documentElement.dataset.sovereignProductStories = 'isolated-mobile-first-v2';
+ document.documentElement.dataset.sovereignMotionRelease = 'v0-motion-workflows-v8';
+ document.documentElement.dataset.sovereignPlatformCohesion = 'v1';
+ document.documentElement.dataset.sovereignProductionReadiness = 'desktop-ios-v1';
+ document.documentElement.dataset.sovereignHeroComposition = 'v3-bounded';
+ document.documentElement.dataset.sovereignVisualAuthority = 'production-v1';
+
+ const isPublicHome = location.pathname === '/';
+ const publicPolicyKind = location.pathname === '/privacy'
+   ? 'privacy'
+   : location.pathname === '/terms'
+     ? 'terms'
+     : null;
+ const isStaticPublicPage = ['/how-it-works', '/pricing', '/faq'].includes(location.pathname);
+ const isPowderDemo = location.pathname === '/demo' || location.pathname === '/powder';
+ const isDirectPublicSurface = isPublicHome || publicPolicyKind !== null || isStaticPublicPage || isPowderDemo;
+ const isAuthenticatedWorkspace = location.pathname === '/app' || location.pathname.startsWith('/app/');
+
+ ReactDOM.createRoot(document.getElementById('root')!).render(
+   <React.StrictMode>
+     <AppErrorBoundary>
+       {!isDirectPublicSurface && <ProductCompletionLayer />}
+       {isPowderDemo
+         ? <PowderDemo />
+         : isPublicHome || isStaticPublicPage
+         ? <PublicSaaS />
+         : publicPolicyKind
+           ? <><PublicPolicyMetadata kind={publicPolicyKind} /><PublicPolicy kind={publicPolicyKind} /></>
+           : isAuthenticatedWorkspace
+             ? <ChatLayout />
+             : <><App /><EmailCodeFallback /><PasskeyAuthentication /></>}
+     </AppErrorBoundary>
+   </React.StrictMode>
+ );
+
+ installPublicLandingViewportContract();

 ❯ src/UnifiedExperience.test.ts:26:18
     24|     expect(workspace).toContain('Sovereign navigation');
     25|     expect(workspace).toContain('Ask something new');
     26|     expect(main).toContain('<AuthenticatedWorkspace />');
       |                  ^
     27|     expect(authenticatedWorkspace).toContain('<SovereignIntelligenceWo…
     28|   });

⎯⎯⎯⎯⎯⎯⎯⎯⎯⎯⎯⎯⎯⎯⎯⎯⎯⎯⎯⎯⎯⎯⎯⎯[3/5]⎯

 FAIL  src/platform-ui.test.ts > authenticated product flow > routes account creation through plan confirmation into one workspace
AssertionError: expected 'import React from \'react\';\nimport …' to contain '<AuthenticatedWorkspace />'

- Expected
+ Received

- <AuthenticatedWorkspace />
+ import React from 'react';
+ import ReactDOM from 'react-dom/client';
+ import { App } from './App';
+ import { AppErrorBoundary } from './AppErrorBoundary';
+ import { ChatLayout } from './authenticated-chat/ChatLayout';
+ import { EmailCodeFallback, installEmailCodeFallbackRuntime } from './EmailCodeFallback';
+ import { PasskeyAuthentication } from './PasskeyAuthentication';
+ import { ProductCompletionLayer, installProductRuntime } from './ProductCompletionLayer';
+ import { installBaselineInputRuntime } from './BaselineInputRuntime';
+ import { installDialogAccessibility } from './dialog-accessibility';
+ import { installPrivateAnswerExportRuntime } from './PrivateAnswerExportRuntime';
+ import { installProductionReadinessRuntime } from './production-readiness-runtime';
+ import { installProductionRuntime } from './ProductionRuntime';
+ import { PublicSaaS } from './PublicSaaS';
+ import { installPublicLandingViewportContract } from './PublicLandingViewportContract';
+ import { installPublicRouteAuthorityRuntime } from './PublicRouteAuthorityRuntime';
+ import { PublicPolicy } from './PublicPolicy';
+ import { PublicPolicyMetadata } from './PublicPolicyMetadata';
+ import { installReleaseInteractionRuntime } from './release-interaction-runtime';
+ import { installSafetyResponseRuntime } from './SafetyResponseRuntime';
+ import { installV0ReleaseFingerprint } from './v0-release-fingerprint';
+ import { PowderDemo } from './PowderDemo';
+
+ /* Canonical visual system */
+ import './design-system.css';
+ import './public.css';
+ import './workspace.css';
+ import './app-shell.css';
+ import './powder.css';
+ /* Passkey authentication remains the final component stylesheet. */
+ import './passkey-auth.css';
+
+ installProductionReadinessRuntime();
+ installReleaseInteractionRuntime();
+ installV0ReleaseFingerprint();
+ installProductionRuntime();
+ installProductRuntime();
+ installEmailCodeFallbackRuntime();
+ installBaselineInputRuntime();
+ installPublicRouteAuthorityRuntime();
+ installDialogAccessibility();
+ installPrivateAnswerExportRuntime();
+ installSafetyResponseRuntime();
+
+ function retireLegacyPublicCache(): void {
+   if (!import.meta.env.PROD || !('serviceWorker' in navigator)) return;
+
+   window.addEventListener('load', () => {
+     void (async () => {
+       const controlled = Boolean(navigator.serviceWorker.controller);
+       const registrations = await navigator.serviceWorker.getRegistrations();
+       await Promise.all(registrations.map((registration) => registration.unregister()));
+
+       if ('caches' in window) {
+         const keys = await window.caches.keys();
+         await Promise.all(
+           keys
+             .filter((key) => key.startsWith('sovereign-public'))
+             .map((key) => window.caches.delete(key))
+         );
+       }
+
+       if (controlled && window.sessionStorage.getItem('sovereign-public-cache-retired') !== 'true') {
+         window.sessionStorage.setItem('sovereign-public-cache-retired', 'true');
+         window.location.reload();
+       }
+     })().catch(() => undefined);
+   });
+ }
+
+ function refreshStaleIosPageRestore(): void {
+   if (!import.meta.env.PROD) return;
+
+   window.addEventListener('pageshow', (event) => {
+     if (event.persisted) window.location.reload();
+   });
+ }
+
+ function installMobileViewportStability(): void {
+   let frame = 0;
+
+   const syncViewport = () => {
+     window.cancelAnimationFrame(frame);
+     frame = window.requestAnimationFrame(() => {
+       const viewport = window.visualViewport;
+       const width = Math.round(viewport?.width || window.innerWidth);
+       const height = Math.round(viewport?.height || window.innerHeight);
+       document.documentElement.style.setProperty('--sovereign-viewport-height', `${height}px`);
+       document.documentElement.style.setProperty('--sovereign-viewport-width', `${width}px`);
+       document.documentElement.dataset.sovereignOrientation = width > height ? 'landscape' : 'portrait';
+     });
+   };
+
+   syncViewport();
+   window.addEventListener('resize', syncViewport, { passive: true });
+   window.addEventListener('orientationchange', syncViewport, { passive: true });
+   window.addEventListener('pageshow', syncViewport, { passive: true });
+   window.visualViewport?.addEventListener('resize', syncViewport, { passive: true });
+   window.visualViewport?.addEventListener('scroll', syncViewport, { passive: true });
+ }
+
+ retireLegacyPublicCache();
+ refreshStaleIosPageRestore();
+ installMobileViewportStability();
+
+ document.documentElement.dataset.sovereignLayoutRelease = 'approved-public-v8';
+ document.documentElement.dataset.sovereignProductStories = 'isolated-mobile-first-v2';
+ document.documentElement.dataset.sovereignMotionRelease = 'v0-motion-workflows-v8';
+ document.documentElement.dataset.sovereignPlatformCohesion = 'v1';
+ document.documentElement.dataset.sovereignProductionReadiness = 'desktop-ios-v1';
+ document.documentElement.dataset.sovereignHeroComposition = 'v3-bounded';
+ document.documentElement.dataset.sovereignVisualAuthority = 'production-v1';
+
+ const isPublicHome = location.pathname === '/';
+ const publicPolicyKind = location.pathname === '/privacy'
+   ? 'privacy'
+   : location.pathname === '/terms'
+     ? 'terms'
+     : null;
+ const isStaticPublicPage = ['/how-it-works', '/pricing', '/faq'].includes(location.pathname);
+ const isPowderDemo = location.pathname === '/demo' || location.pathname === '/powder';
+ const isDirectPublicSurface = isPublicHome || publicPolicyKind !== null || isStaticPublicPage || isPowderDemo;
+ const isAuthenticatedWorkspace = location.pathname === '/app' || location.pathname.startsWith('/app/');
+
+ ReactDOM.createRoot(document.getElementById('root')!).render(
+   <React.StrictMode>
+     <AppErrorBoundary>
+       {!isDirectPublicSurface && <ProductCompletionLayer />}
+       {isPowderDemo
+         ? <PowderDemo />
+         : isPublicHome || isStaticPublicPage
+         ? <PublicSaaS />
+         : publicPolicyKind
+           ? <><PublicPolicyMetadata kind={publicPolicyKind} /><PublicPolicy kind={publicPolicyKind} /></>
+           : isAuthenticatedWorkspace
+             ? <ChatLayout />
+             : <><App /><EmailCodeFallback /><PasskeyAuthentication /></>}
+     </AppErrorBoundary>
+   </React.StrictMode>
+ );
+
+ installPublicLandingViewportContract();

 ❯ src/platform-ui.test.ts:20:18
     18|     expect(app).toContain('<PlanOnboarding />');
     19|     expect(app).toContain('safeClientReturnTo');
     20|     expect(main).toContain('<AuthenticatedWorkspace />');
       |                  ^
     21|     expect(authenticatedWorkspace).toContain('<SovereignIntelligenceWo…
     22|     expect(onboarding).toContain('Choose a plan');

⎯⎯⎯⎯⎯⎯⎯⎯⎯⎯⎯⎯⎯⎯⎯⎯⎯⎯⎯⎯⎯⎯⎯⎯[4/5]⎯

 FAIL  src/public-site.test.ts > Sovereign.OS public experience > renders the public route without runtime copy rewriting and appends terminal sans typography
AssertionError: expected 'import React from \'react\';\nimport …' to contain '<PublicLanding />'

- Expected
+ Received

- <PublicLanding />
+ import React from 'react';
+ import ReactDOM from 'react-dom/client';
+ import { App } from './App';
+ import { AppErrorBoundary } from './AppErrorBoundary';
+ import { ChatLayout } from './authenticated-chat/ChatLayout';
+ import { EmailCodeFallback, installEmailCodeFallbackRuntime } from './EmailCodeFallback';
+ import { PasskeyAuthentication } from './PasskeyAuthentication';
+ import { ProductCompletionLayer, installProductRuntime } from './ProductCompletionLayer';
+ import { installBaselineInputRuntime } from './BaselineInputRuntime';
+ import { installDialogAccessibility } from './dialog-accessibility';
+ import { installPrivateAnswerExportRuntime } from './PrivateAnswerExportRuntime';
+ import { installProductionReadinessRuntime } from './production-readiness-runtime';
+ import { installProductionRuntime } from './ProductionRuntime';
+ import { PublicSaaS } from './PublicSaaS';
+ import { installPublicLandingViewportContract } from './PublicLandingViewportContract';
+ import { installPublicRouteAuthorityRuntime } from './PublicRouteAuthorityRuntime';
+ import { PublicPolicy } from './PublicPolicy';
+ import { PublicPolicyMetadata } from './PublicPolicyMetadata';
+ import { installReleaseInteractionRuntime } from './release-interaction-runtime';
+ import { installSafetyResponseRuntime } from './SafetyResponseRuntime';
+ import { installV0ReleaseFingerprint } from './v0-release-fingerprint';
+ import { PowderDemo } from './PowderDemo';
+
+ /* Canonical visual system */
+ import './design-system.css';
+ import './public.css';
+ import './workspace.css';
+ import './app-shell.css';
+ import './powder.css';
+ /* Passkey authentication remains the final component stylesheet. */
+ import './passkey-auth.css';
+
+ installProductionReadinessRuntime();
+ installReleaseInteractionRuntime();
+ installV0ReleaseFingerprint();
+ installProductionRuntime();
+ installProductRuntime();
+ installEmailCodeFallbackRuntime();
+ installBaselineInputRuntime();
+ installPublicRouteAuthorityRuntime();
+ installDialogAccessibility();
+ installPrivateAnswerExportRuntime();
+ installSafetyResponseRuntime();
+
+ function retireLegacyPublicCache(): void {
+   if (!import.meta.env.PROD || !('serviceWorker' in navigator)) return;
+
+   window.addEventListener('load', () => {
+     void (async () => {
+       const controlled = Boolean(navigator.serviceWorker.controller);
+       const registrations = await navigator.serviceWorker.getRegistrations();
+       await Promise.all(registrations.map((registration) => registration.unregister()));
+
+       if ('caches' in window) {
+         const keys = await window.caches.keys();
+         await Promise.all(
+           keys
+             .filter((key) => key.startsWith('sovereign-public'))
+             .map((key) => window.caches.delete(key))
+         );
+       }
+
+       if (controlled && window.sessionStorage.getItem('sovereign-public-cache-retired') !== 'true') {
+         window.sessionStorage.setItem('sovereign-public-cache-retired', 'true');
+         window.location.reload();
+       }
+     })().catch(() => undefined);
+   });
+ }
+
+ function refreshStaleIosPageRestore(): void {
+   if (!import.meta.env.PROD) return;
+
+   window.addEventListener('pageshow', (event) => {
+     if (event.persisted) window.location.reload();
+   });
+ }
+
+ function installMobileViewportStability(): void {
+   let frame = 0;
+
+   const syncViewport = () => {
+     window.cancelAnimationFrame(frame);
+     frame = window.requestAnimationFrame(() => {
+       const viewport = window.visualViewport;
+       const width = Math.round(viewport?.width || window.innerWidth);
+       const height = Math.round(viewport?.height || window.innerHeight);
+       document.documentElement.style.setProperty('--sovereign-viewport-height', `${height}px`);
+       document.documentElement.style.setProperty('--sovereign-viewport-width', `${width}px`);
+       document.documentElement.dataset.sovereignOrientation = width > height ? 'landscape' : 'portrait';
+     });
+   };
+
+   syncViewport();
+   window.addEventListener('resize', syncViewport, { passive: true });
+   window.addEventListener('orientationchange', syncViewport, { passive: true });
+   window.addEventListener('pageshow', syncViewport, { passive: true });
+   window.visualViewport?.addEventListener('resize', syncViewport, { passive: true });
+   window.visualViewport?.addEventListener('scroll', syncViewport, { passive: true });
+ }
+
+ retireLegacyPublicCache();
+ refreshStaleIosPageRestore();
+ installMobileViewportStability();
+
+ document.documentElement.dataset.sovereignLayoutRelease = 'approved-public-v8';
+ document.documentElement.dataset.sovereignProductStories = 'isolated-mobile-first-v2';
+ document.documentElement.dataset.sovereignMotionRelease = 'v0-motion-workflows-v8';
+ document.documentElement.dataset.sovereignPlatformCohesion = 'v1';
+ document.documentElement.dataset.sovereignProductionReadiness = 'desktop-ios-v1';
+ document.documentElement.dataset.sovereignHeroComposition = 'v3-bounded';
+ document.documentElement.dataset.sovereignVisualAuthority = 'production-v1';
+
+ const isPublicHome = location.pathname === '/';
+ const publicPolicyKind = location.pathname === '/privacy'
+   ? 'privacy'
+   : location.pathname === '/terms'
+     ? 'terms'
+     : null;
+ const isStaticPublicPage = ['/how-it-works', '/pricing', '/faq'].includes(location.pathname);
+ const isPowderDemo = location.pathname === '/demo' || location.pathname === '/powder';
+ const isDirectPublicSurface = isPublicHome || publicPolicyKind !== null || isStaticPublicPage || isPowderDemo;
+ const isAuthenticatedWorkspace = location.pathname === '/app' || location.pathname.startsWith('/app/');
+
+ ReactDOM.createRoot(document.getElementById('root')!).render(
+   <React.StrictMode>
+     <AppErrorBoundary>
+       {!isDirectPublicSurface && <ProductCompletionLayer />}
+       {isPowderDemo
+         ? <PowderDemo />
+         : isPublicHome || isStaticPublicPage
+         ? <PublicSaaS />
+         : publicPolicyKind
+           ? <><PublicPolicyMetadata kind={publicPolicyKind} /><PublicPolicy kind={publicPolicyKind} /></>
+           : isAuthenticatedWorkspace
+             ? <ChatLayout />
+             : <><App /><EmailCodeFallback /><PasskeyAuthentication /></>}
+     </AppErrorBoundary>
+   </React.StrictMode>
+ );
+
+ installPublicLandingViewportContract();

 ❯ src/public-site.test.ts:126:18
    124|   it('renders the public route without runtime copy rewriting and appe…
    125|     expect(main).toContain("location.pathname === '/'");
    126|     expect(main).toContain('<PublicLanding />');
       |                  ^
    127|     expect(main).toContain("import './public.css';");
    128|     expect(main).not.toContain('ProductLanguageRuntime');

⎯⎯⎯⎯⎯⎯⎯⎯⎯⎯⎯⎯⎯⎯⎯⎯⎯⎯⎯⎯⎯⎯⎯⎯[5/5]⎯


 Test Files  5 failed | 53 passed | 1 skipped (59)
      Tests  5 failed | 331 passed | 10 skipped (346)
   Start at  18:38:54
   Duration  1.46s (transform 994ms, setup 0ms, import 1.80s, tests 517ms, environment 7ms)

